# JMH version: 1.37
# VM version: JDK 21.0.12.1, OpenJDK 64-Bit Server VM, 21.0.12.1+1-LTS
# VM invoker: /opt/java/openjdk/bin/java
# VM options: -XX:-DoEscapeAnalysis
# Blackhole mode: compiler (auto-detected, use -Djmh.blackhole.autoDetect=false to disable)
# Warmup: 3 iterations, 1 s each
# Measurement: 3 iterations, 1 s each
# Timeout: 10 min per iteration
# Threads: 1 thread, will synchronize iterations
# Benchmark mode: Average time, time/op
# Benchmark: harness.JavaBench.dishonestNoTimestamp

# Run progress: 0.00% complete, ETA 00:00:12
# Fork: 1 of 1
# Warmup Iteration   1: 92.166 ns/op
# Warmup Iteration   2: 82.902 ns/op
# Warmup Iteration   3: 64.961 ns/op
Iteration   1: 64.677 ns/op
                 gc.alloc.rate:      2947.935 MB/sec
                 gc.alloc.rate.norm: 200.000 B/op
                 gc.count:           6.000 counts
                 gc.time:            12.000 ms

Iteration   2: 64.126 ns/op
                 gc.alloc.rate:      2973.321 MB/sec
                 gc.alloc.rate.norm: 200.000 B/op
                 gc.count:           6.000 counts
                 gc.time:            9.000 ms

Iteration   3: 67.860 ns/op
                 gc.alloc.rate:      2809.681 MB/sec
                 gc.alloc.rate.norm: 200.000 B/op
                 gc.count:           6.000 counts
                 gc.time:            9.000 ms



Result "harness.JavaBench.dishonestNoTimestamp":
  65.554 ±(99.9%) 36.766 ns/op [Average]
  (min, avg, max) = (64.126, 65.554, 67.860), stdev = 2.015
  CI (99.9%): [28.788, 102.321] (assumes normal distribution)

Secondary result "harness.JavaBench.dishonestNoTimestamp:gc.alloc.rate":
  2910.312 ±(99.9%) 1606.700 MB/sec [Average]
  (min, avg, max) = (2809.681, 2910.312, 2973.321), stdev = 88.069
  CI (99.9%): [1303.613, 4517.012] (assumes normal distribution)

Secondary result "harness.JavaBench.dishonestNoTimestamp:gc.alloc.rate.norm":
  200.000 ±(99.9%) 0.001 B/op [Average]
  (min, avg, max) = (200.000, 200.000, 200.000), stdev = 0.001
  CI (99.9%): [200.000, 200.001] (assumes normal distribution)

Secondary result "harness.JavaBench.dishonestNoTimestamp:gc.count":
  18.000 ±(99.9%) 0.001 counts [Sum]
  (min, avg, max) = (6.000, 6.000, 6.000), stdev = 0.001
  CI (99.9%): [18.000, 18.000] (assumes normal distribution)

Secondary result "harness.JavaBench.dishonestNoTimestamp:gc.time":
  30.000 ±(99.9%) 0.001 ms [Sum]
  (min, avg, max) = (9.000, 10.000, 12.000), stdev = 1.732
  CI (99.9%): [30.000, 30.000] (assumes normal distribution)


# JMH version: 1.37
# VM version: JDK 21.0.12.1, OpenJDK 64-Bit Server VM, 21.0.12.1+1-LTS
# VM invoker: /opt/java/openjdk/bin/java
# VM options: -XX:-DoEscapeAnalysis
# Blackhole mode: compiler (auto-detected, use -Djmh.blackhole.autoDetect=false to disable)
# Warmup: 3 iterations, 1 s each
# Measurement: 3 iterations, 1 s each
# Timeout: 10 min per iteration
# Threads: 1 thread, will synchronize iterations
# Benchmark mode: Average time, time/op
# Benchmark: harness.JavaBench.honest

# Run progress: 50.00% complete, ETA 00:00:06
# Fork: 1 of 1
# Warmup Iteration   1: 63.284 ns/op
# Warmup Iteration   2: 50.211 ns/op
# Warmup Iteration   3: 43.743 ns/op
Iteration   1: 43.926 ns/op
                 gc.alloc.rate:      3814.580 MB/sec
                 gc.alloc.rate.norm: 176.000 B/op
                 gc.count:           7.000 counts
                 gc.time:            14.000 ms

Iteration   2: 43.598 ns/op
                 gc.alloc.rate:      3848.688 MB/sec
                 gc.alloc.rate.norm: 176.000 B/op
                 gc.count:           7.000 counts
                 gc.time:            16.000 ms

Iteration   3: 42.604 ns/op
                 gc.alloc.rate:      3938.585 MB/sec
                 gc.alloc.rate.norm: 176.000 B/op
                 gc.count:           8.000 counts
                 gc.time:            16.000 ms



Result "harness.JavaBench.honest":
  43.376 ±(99.9%) 12.555 ns/op [Average]
  (min, avg, max) = (42.604, 43.376, 43.926), stdev = 0.688
  CI (99.9%): [30.821, 55.931] (assumes normal distribution)

Secondary result "harness.JavaBench.honest:gc.alloc.rate":
  3867.284 ±(99.9%) 1168.688 MB/sec [Average]
  (min, avg, max) = (3814.580, 3867.284, 3938.585), stdev = 64.060
  CI (99.9%): [2698.596, 5035.972] (assumes normal distribution)

Secondary result "harness.JavaBench.honest:gc.alloc.rate.norm":
  176.000 ±(99.9%) 0.001 B/op [Average]
  (min, avg, max) = (176.000, 176.000, 176.000), stdev = 0.001
  CI (99.9%): [176.000, 176.000] (assumes normal distribution)

Secondary result "harness.JavaBench.honest:gc.count":
  22.000 ±(99.9%) 0.001 counts [Sum]
  (min, avg, max) = (7.000, 7.333, 8.000), stdev = 0.577
  CI (99.9%): [22.000, 22.000] (assumes normal distribution)

Secondary result "harness.JavaBench.honest:gc.time":
  46.000 ±(99.9%) 0.001 ms [Sum]
  (min, avg, max) = (14.000, 15.333, 16.000), stdev = 1.155
  CI (99.9%): [46.000, 46.000] (assumes normal distribution)


# Run complete. Total time: 00:00:12

REMEMBER: The numbers below are just data. To gain reusable insights, you need to follow up on
why the numbers are the way they are. Use profilers (see -prof, -lprof), design factorial
experiments, perform baseline and negative tests that provide experimental control, make sure
the benchmarking environment is safe on JVM/OS/HW level, ask for reviews from the domain experts.
Do not assume the numbers tell you what you want them to tell.

NOTE: Current JVM experimentally supports Compiler Blackholes, and they are in use. Please exercise
extra caution when trusting the results, look into the generated code to check the benchmark still
works, and factor in a small probability of new VM bugs. Additionally, while comparisons between
different JVMs are already problematic, the performance difference caused by different Blackhole
modes can be very significant. Please make sure you use the consistent Blackhole mode for comparisons.

Benchmark                                          Mode  Cnt     Score      Error   Units
JavaBench.dishonestNoTimestamp                     avgt    3    65.554 ±   36.766   ns/op
JavaBench.dishonestNoTimestamp:gc.alloc.rate       avgt    3  2910.312 ± 1606.700  MB/sec
JavaBench.dishonestNoTimestamp:gc.alloc.rate.norm  avgt    3   200.000 ±    0.001    B/op
JavaBench.dishonestNoTimestamp:gc.count            avgt    3    18.000             counts
JavaBench.dishonestNoTimestamp:gc.time             avgt    3    30.000                 ms
JavaBench.honest                                   avgt    3    43.376 ±   12.555   ns/op
JavaBench.honest:gc.alloc.rate                     avgt    3  3867.284 ± 1168.688  MB/sec
JavaBench.honest:gc.alloc.rate.norm                avgt    3   176.000 ±    0.001    B/op
JavaBench.honest:gc.count                          avgt    3    22.000             counts
JavaBench.honest:gc.time                           avgt    3    46.000                 ms
