# JMH version: 1.37
# VM version: JDK 21.0.12.1, OpenJDK 64-Bit Server VM, 21.0.12.1+1-LTS
# VM invoker: /opt/java/openjdk/bin/java
# VM options: <none>
# Blackhole mode: compiler (auto-detected, use -Djmh.blackhole.autoDetect=false to disable)
# Warmup: 3 iterations, 1 s each
# Measurement: 3 iterations, 1 s each
# Timeout: 10 min per iteration
# Threads: 1 thread, will synchronize iterations
# Benchmark mode: Average time, time/op
# Benchmark: harness.JavaBench.dishonestNoTimestamp

# Run progress: 0.00% complete, ETA 00:00:12
# Fork: 1 of 1
# Warmup Iteration   1: 48.593 ns/op
# Warmup Iteration   2: 42.383 ns/op
# Warmup Iteration   3: 40.969 ns/op
Iteration   1: 42.536 ns/op
                 gc.alloc.rate:      1255.135 MB/sec
                 gc.alloc.rate.norm: 56.000 B/op
                 gc.count:           4.000 counts
                 gc.time:            9.000 ms

Iteration   2: 37.812 ns/op
                 gc.alloc.rate:      1411.943 MB/sec
                 gc.alloc.rate.norm: 56.000 B/op
                 gc.count:           4.000 counts
                 gc.time:            9.000 ms

Iteration   3: 37.552 ns/op
                 gc.alloc.rate:      1421.606 MB/sec
                 gc.alloc.rate.norm: 56.000 B/op
                 gc.count:           4.000 counts
                 gc.time:            6.000 ms



Result "harness.JavaBench.dishonestNoTimestamp":
  39.300 ±(99.9%) 51.188 ns/op [Average]
  (min, avg, max) = (37.552, 39.300, 42.536), stdev = 2.806
  CI (99.9%): [≈ 0, 90.488] (assumes normal distribution)

Secondary result "harness.JavaBench.dishonestNoTimestamp:gc.alloc.rate":
  1362.895 ±(99.9%) 1704.832 MB/sec [Average]
  (min, avg, max) = (1255.135, 1362.895, 1421.606), stdev = 93.448
  CI (99.9%): [≈ 0, 3067.727] (assumes normal distribution)

Secondary result "harness.JavaBench.dishonestNoTimestamp:gc.alloc.rate.norm":
  56.000 ±(99.9%) 0.001 B/op [Average]
  (min, avg, max) = (56.000, 56.000, 56.000), stdev = 0.001
  CI (99.9%): [56.000, 56.001] (assumes normal distribution)

Secondary result "harness.JavaBench.dishonestNoTimestamp:gc.count":
  12.000 ±(99.9%) 0.001 counts [Sum]
  (min, avg, max) = (4.000, 4.000, 4.000), stdev = 0.001
  CI (99.9%): [12.000, 12.000] (assumes normal distribution)

Secondary result "harness.JavaBench.dishonestNoTimestamp:gc.time":
  24.000 ±(99.9%) 0.001 ms [Sum]
  (min, avg, max) = (6.000, 8.000, 9.000), stdev = 1.732
  CI (99.9%): [24.000, 24.000] (assumes normal distribution)


# JMH version: 1.37
# VM version: JDK 21.0.12.1, OpenJDK 64-Bit Server VM, 21.0.12.1+1-LTS
# VM invoker: /opt/java/openjdk/bin/java
# VM options: <none>
# Blackhole mode: compiler (auto-detected, use -Djmh.blackhole.autoDetect=false to disable)
# Warmup: 3 iterations, 1 s each
# Measurement: 3 iterations, 1 s each
# Timeout: 10 min per iteration
# Threads: 1 thread, will synchronize iterations
# Benchmark mode: Average time, time/op
# Benchmark: harness.JavaBench.honest

# Run progress: 50.00% complete, ETA 00:00:06
# Fork: 1 of 1
# Warmup Iteration   1: 23.894 ns/op
# Warmup Iteration   2: 25.194 ns/op
# Warmup Iteration   3: 25.520 ns/op
Iteration   1: 24.998 ns/op
                 gc.alloc.rate:      0.007 MB/sec
                 gc.alloc.rate.norm: ≈ 10⁻⁴ B/op
                 gc.count:           ≈ 0 counts

Iteration   2: 25.243 ns/op
                 gc.alloc.rate:      0.007 MB/sec
                 gc.alloc.rate.norm: ≈ 10⁻⁴ B/op
                 gc.count:           ≈ 0 counts

Iteration   3: 25.715 ns/op
                 gc.alloc.rate:      0.007 MB/sec
                 gc.alloc.rate.norm: ≈ 10⁻⁴ B/op
                 gc.count:           ≈ 0 counts



Result "harness.JavaBench.honest":
  25.319 ±(99.9%) 6.648 ns/op [Average]
  (min, avg, max) = (24.998, 25.319, 25.715), stdev = 0.364
  CI (99.9%): [18.671, 31.967] (assumes normal distribution)

Secondary result "harness.JavaBench.honest:gc.alloc.rate":
  0.007 ±(99.9%) 0.001 MB/sec [Average]
  (min, avg, max) = (0.007, 0.007, 0.007), stdev = 0.001
  CI (99.9%): [0.007, 0.007] (assumes normal distribution)

Secondary result "harness.JavaBench.honest:gc.alloc.rate.norm":
  ≈ 10⁻⁴ B/op

Secondary result "harness.JavaBench.honest:gc.count":
  ≈ 0 counts


# Run complete. Total time: 00:00:12

REMEMBER: The numbers below are just data. To gain reusable insights, you need to follow up on
why the numbers are the way they are. Use profilers (see -prof, -lprof), design factorial
experiments, perform baseline and negative tests that provide experimental control, make sure
the benchmarking environment is safe on JVM/OS/HW level, ask for reviews from the domain experts.
Do not assume the numbers tell you what you want them to tell.

NOTE: Current JVM experimentally supports Compiler Blackholes, and they are in use. Please exercise
extra caution when trusting the results, look into the generated code to check the benchmark still
works, and factor in a small probability of new VM bugs. Additionally, while comparisons between
different JVMs are already problematic, the performance difference caused by different Blackhole
modes can be very significant. Please make sure you use the consistent Blackhole mode for comparisons.

Benchmark                                          Mode  Cnt     Score      Error   Units
JavaBench.dishonestNoTimestamp                     avgt    3    39.300 ±   51.188   ns/op
JavaBench.dishonestNoTimestamp:gc.alloc.rate       avgt    3  1362.895 ± 1704.832  MB/sec
JavaBench.dishonestNoTimestamp:gc.alloc.rate.norm  avgt    3    56.000 ±    0.001    B/op
JavaBench.dishonestNoTimestamp:gc.count            avgt    3    12.000             counts
JavaBench.dishonestNoTimestamp:gc.time             avgt    3    24.000                 ms
JavaBench.honest                                   avgt    3    25.319 ±    6.648   ns/op
JavaBench.honest:gc.alloc.rate                     avgt    3     0.007 ±    0.001  MB/sec
JavaBench.honest:gc.alloc.rate.norm                avgt    3    ≈ 10⁻⁴               B/op
JavaBench.honest:gc.count                          avgt    3       ≈ 0             counts
