# JMH version: 1.37
# VM version: JDK 21.0.12.1, OpenJDK 64-Bit Server VM, 21.0.12.1+1-LTS
# VM invoker: /opt/java/openjdk/bin/java
# VM options: -XX:-TieredCompilation
# Blackhole mode: compiler (auto-detected, use -Djmh.blackhole.autoDetect=false to disable)
# Warmup: 3 iterations, 1 s each
# Measurement: 5 iterations, 1 s each
# Timeout: 10 min per iteration
# Threads: 1 thread, will synchronize iterations
# Benchmark mode: Average time, time/op
# Benchmark: harness.JavaBench.dishonestNoTimestamp

# Run progress: 0.00% complete, ETA 00:00:48
# Fork: 1 of 3
# Warmup Iteration   1: 78.746 ns/op
# Warmup Iteration   2: 55.182 ns/op
# Warmup Iteration   3: 55.281 ns/op
Iteration   1: 55.192 ns/op
Iteration   2: 46.961 ns/op
Iteration   3: 50.648 ns/op
Iteration   4: 46.223 ns/op
Iteration   5: 46.534 ns/op

# Run progress: 16.67% complete, ETA 00:00:42
# Fork: 2 of 3
# Warmup Iteration   1: 69.194 ns/op
# Warmup Iteration   2: 49.664 ns/op
# Warmup Iteration   3: 54.372 ns/op
Iteration   1: 46.696 ns/op
Iteration   2: 49.167 ns/op
Iteration   3: 43.649 ns/op
Iteration   4: 43.979 ns/op
Iteration   5: 43.838 ns/op

# Run progress: 33.33% complete, ETA 00:00:33
# Fork: 3 of 3
# Warmup Iteration   1: 69.937 ns/op
# Warmup Iteration   2: 49.645 ns/op
# Warmup Iteration   3: 52.404 ns/op
Iteration   1: 43.980 ns/op
Iteration   2: 49.411 ns/op
Iteration   3: 48.928 ns/op
Iteration   4: 49.367 ns/op
Iteration   5: 49.088 ns/op


Result "harness.JavaBench.dishonestNoTimestamp":
  47.578 ±(99.9%) 3.381 ns/op [Average]
  (min, avg, max) = (43.649, 47.578, 55.192), stdev = 3.162
  CI (99.9%): [44.197, 50.958] (assumes normal distribution)


# JMH version: 1.37
# VM version: JDK 21.0.12.1, OpenJDK 64-Bit Server VM, 21.0.12.1+1-LTS
# VM invoker: /opt/java/openjdk/bin/java
# VM options: -XX:-TieredCompilation
# Blackhole mode: compiler (auto-detected, use -Djmh.blackhole.autoDetect=false to disable)
# Warmup: 3 iterations, 1 s each
# Measurement: 5 iterations, 1 s each
# Timeout: 10 min per iteration
# Threads: 1 thread, will synchronize iterations
# Benchmark mode: Average time, time/op
# Benchmark: harness.JavaBench.honest

# Run progress: 50.00% complete, ETA 00:00:25
# Fork: 1 of 3
# Warmup Iteration   1: 42.244 ns/op
# Warmup Iteration   2: 37.133 ns/op
# Warmup Iteration   3: 37.277 ns/op
Iteration   1: 36.668 ns/op
Iteration   2: 34.610 ns/op
Iteration   3: 33.433 ns/op
Iteration   4: 33.252 ns/op
Iteration   5: 33.710 ns/op

# Run progress: 66.67% complete, ETA 00:00:16
# Fork: 2 of 3
# Warmup Iteration   1: 39.056 ns/op
# Warmup Iteration   2: 31.222 ns/op
# Warmup Iteration   3: 32.701 ns/op
Iteration   1: 32.193 ns/op
Iteration   2: 33.899 ns/op
Iteration   3: 32.636 ns/op
Iteration   4: 30.889 ns/op
Iteration   5: 31.493 ns/op

# Run progress: 83.33% complete, ETA 00:00:08
# Fork: 3 of 3
# Warmup Iteration   1: 49.480 ns/op
# Warmup Iteration   2: 35.768 ns/op
# Warmup Iteration   3: 40.191 ns/op
Iteration   1: 35.915 ns/op
Iteration   2: 35.636 ns/op
Iteration   3: 37.040 ns/op
Iteration   4: 38.550 ns/op
Iteration   5: 38.715 ns/op


Result "harness.JavaBench.honest":
  34.576 ±(99.9%) 2.604 ns/op [Average]
  (min, avg, max) = (30.889, 34.576, 38.715), stdev = 2.436
  CI (99.9%): [31.971, 37.180] (assumes normal distribution)


# Run complete. Total time: 00:00:50

REMEMBER: The numbers below are just data. To gain reusable insights, you need to follow up on
why the numbers are the way they are. Use profilers (see -prof, -lprof), design factorial
experiments, perform baseline and negative tests that provide experimental control, make sure
the benchmarking environment is safe on JVM/OS/HW level, ask for reviews from the domain experts.
Do not assume the numbers tell you what you want them to tell.

NOTE: Current JVM experimentally supports Compiler Blackholes, and they are in use. Please exercise
extra caution when trusting the results, look into the generated code to check the benchmark still
works, and factor in a small probability of new VM bugs. Additionally, while comparisons between
different JVMs are already problematic, the performance difference caused by different Blackhole
modes can be very significant. Please make sure you use the consistent Blackhole mode for comparisons.

Benchmark                       Mode  Cnt   Score   Error  Units
JavaBench.dishonestNoTimestamp  avgt   15  47.578 ± 3.381  ns/op
JavaBench.honest                avgt   15  34.576 ± 2.604  ns/op

Benchmark result is saved to /out/java-tier2.json
