# JMH version: 1.37
# VM version: JDK 21.0.12.1, OpenJDK 64-Bit Server VM, 21.0.12.1+1-LTS
# VM invoker: /opt/java/openjdk/bin/java
# VM options: <none>
# Blackhole mode: compiler (auto-detected, use -Djmh.blackhole.autoDetect=false to disable)
# Warmup: 3 iterations, 1 s each
# Measurement: 5 iterations, 1 s each
# Timeout: 10 min per iteration
# Threads: 1 thread, will synchronize iterations
# Benchmark mode: Average time, time/op
# Benchmark: harness.JavaBench.dishonestNoTimestamp

# Run progress: 0.00% complete, ETA 00:00:48
# Fork: 1 of 3
# Warmup Iteration   1: 55.710 ns/op
# Warmup Iteration   2: 54.625 ns/op
# Warmup Iteration   3: 40.502 ns/op
Iteration   1: 43.145 ns/op
Iteration   2: 38.993 ns/op
Iteration   3: 38.970 ns/op
Iteration   4: 39.054 ns/op
Iteration   5: 38.976 ns/op

# Run progress: 16.67% complete, ETA 00:00:42
# Fork: 2 of 3
# Warmup Iteration   1: 53.345 ns/op
# Warmup Iteration   2: 40.640 ns/op
# Warmup Iteration   3: 42.336 ns/op
Iteration   1: 43.377 ns/op
Iteration   2: 40.303 ns/op
Iteration   3: 38.603 ns/op
Iteration   4: 38.613 ns/op
Iteration   5: 43.421 ns/op

# Run progress: 33.33% complete, ETA 00:00:33
# Fork: 3 of 3
# Warmup Iteration   1: 54.338 ns/op
# Warmup Iteration   2: 44.406 ns/op
# Warmup Iteration   3: 40.847 ns/op
Iteration   1: 39.533 ns/op
Iteration   2: 39.580 ns/op
Iteration   3: 38.788 ns/op
Iteration   4: 41.011 ns/op
Iteration   5: 38.031 ns/op


Result "harness.JavaBench.dishonestNoTimestamp":
  40.026 ±(99.9%) 1.974 ns/op [Average]
  (min, avg, max) = (38.031, 40.026, 43.421), stdev = 1.846
  CI (99.9%): [38.052, 42.000] (assumes normal distribution)


# JMH version: 1.37
# VM version: JDK 21.0.12.1, OpenJDK 64-Bit Server VM, 21.0.12.1+1-LTS
# VM invoker: /opt/java/openjdk/bin/java
# VM options: <none>
# Blackhole mode: compiler (auto-detected, use -Djmh.blackhole.autoDetect=false to disable)
# Warmup: 3 iterations, 1 s each
# Measurement: 5 iterations, 1 s each
# Timeout: 10 min per iteration
# Threads: 1 thread, will synchronize iterations
# Benchmark mode: Average time, time/op
# Benchmark: harness.JavaBench.honest

# Run progress: 50.00% complete, ETA 00:00:25
# Fork: 1 of 3
# Warmup Iteration   1: 25.451 ns/op
# Warmup Iteration   2: 24.834 ns/op
# Warmup Iteration   3: 23.602 ns/op
Iteration   1: 23.272 ns/op
Iteration   2: 23.001 ns/op
Iteration   3: 22.694 ns/op
Iteration   4: 22.921 ns/op
Iteration   5: 22.848 ns/op

# Run progress: 66.67% complete, ETA 00:00:16
# Fork: 2 of 3
# Warmup Iteration   1: 24.500 ns/op
# Warmup Iteration   2: 23.895 ns/op
# Warmup Iteration   3: 24.195 ns/op
Iteration   1: 22.956 ns/op
Iteration   2: 23.413 ns/op
Iteration   3: 23.983 ns/op
Iteration   4: 26.328 ns/op
Iteration   5: 22.997 ns/op

# Run progress: 83.33% complete, ETA 00:00:08
# Fork: 3 of 3
# Warmup Iteration   1: 24.163 ns/op
# Warmup Iteration   2: 24.683 ns/op
# Warmup Iteration   3: 22.893 ns/op
Iteration   1: 22.744 ns/op
Iteration   2: 22.540 ns/op
Iteration   3: 21.249 ns/op
Iteration   4: 21.658 ns/op
Iteration   5: 22.414 ns/op


Result "harness.JavaBench.honest":
  23.001 ±(99.9%) 1.209 ns/op [Average]
  (min, avg, max) = (21.249, 23.001, 26.328), stdev = 1.131
  CI (99.9%): [21.792, 24.210] (assumes normal distribution)


# Run complete. Total time: 00:00:50

REMEMBER: The numbers below are just data. To gain reusable insights, you need to follow up on
why the numbers are the way they are. Use profilers (see -prof, -lprof), design factorial
experiments, perform baseline and negative tests that provide experimental control, make sure
the benchmarking environment is safe on JVM/OS/HW level, ask for reviews from the domain experts.
Do not assume the numbers tell you what you want them to tell.

NOTE: Current JVM experimentally supports Compiler Blackholes, and they are in use. Please exercise
extra caution when trusting the results, look into the generated code to check the benchmark still
works, and factor in a small probability of new VM bugs. Additionally, while comparisons between
different JVMs are already problematic, the performance difference caused by different Blackhole
modes can be very significant. Please make sure you use the consistent Blackhole mode for comparisons.

Benchmark                       Mode  Cnt   Score   Error  Units
JavaBench.dishonestNoTimestamp  avgt   15  40.026 ± 1.974  ns/op
JavaBench.honest                avgt   15  23.001 ± 1.209  ns/op

Benchmark result is saved to /out/java-default.json
