# JMH version: 1.37
# VM version: JDK 21.0.12.1, OpenJDK 64-Bit Server VM, 21.0.12.1+1-LTS
# VM invoker: /opt/java/openjdk/bin/java
# VM options: -XX:TieredStopAtLevel=1
# Blackhole mode: compiler (auto-detected, use -Djmh.blackhole.autoDetect=false to disable)
# Warmup: 3 iterations, 1 s each
# Measurement: 5 iterations, 1 s each
# Timeout: 10 min per iteration
# Threads: 1 thread, will synchronize iterations
# Benchmark mode: Average time, time/op
# Benchmark: harness.JavaBench.dishonestNoTimestamp

# Run progress: 0.00% complete, ETA 00:00:48
# Fork: 1 of 3
# Warmup Iteration   1: 277.896 ns/op
# Warmup Iteration   2: 258.769 ns/op
# Warmup Iteration   3: 231.061 ns/op
Iteration   1: 215.138 ns/op
Iteration   2: 214.297 ns/op
Iteration   3: 209.212 ns/op
Iteration   4: 205.536 ns/op
Iteration   5: 210.175 ns/op

# Run progress: 16.67% complete, ETA 00:00:42
# Fork: 2 of 3
# Warmup Iteration   1: 246.404 ns/op
# Warmup Iteration   2: 246.726 ns/op
# Warmup Iteration   3: 203.967 ns/op
Iteration   1: 231.930 ns/op
Iteration   2: 215.087 ns/op
Iteration   3: 212.382 ns/op
Iteration   4: 212.697 ns/op
Iteration   5: 205.934 ns/op

# Run progress: 33.33% complete, ETA 00:00:33
# Fork: 3 of 3
# Warmup Iteration   1: 252.585 ns/op
# Warmup Iteration   2: 235.629 ns/op
# Warmup Iteration   3: 213.646 ns/op
Iteration   1: 208.780 ns/op
Iteration   2: 207.537 ns/op
Iteration   3: 209.643 ns/op
Iteration   4: 211.399 ns/op
Iteration   5: 209.943 ns/op


Result "harness.JavaBench.dishonestNoTimestamp":
  211.979 ±(99.9%) 6.717 ns/op [Average]
  (min, avg, max) = (205.536, 211.979, 231.930), stdev = 6.283
  CI (99.9%): [205.263, 218.696] (assumes normal distribution)


# JMH version: 1.37
# VM version: JDK 21.0.12.1, OpenJDK 64-Bit Server VM, 21.0.12.1+1-LTS
# VM invoker: /opt/java/openjdk/bin/java
# VM options: -XX:TieredStopAtLevel=1
# Blackhole mode: compiler (auto-detected, use -Djmh.blackhole.autoDetect=false to disable)
# Warmup: 3 iterations, 1 s each
# Measurement: 5 iterations, 1 s each
# Timeout: 10 min per iteration
# Threads: 1 thread, will synchronize iterations
# Benchmark mode: Average time, time/op
# Benchmark: harness.JavaBench.honest

# Run progress: 50.00% complete, ETA 00:00:25
# Fork: 1 of 3
# Warmup Iteration   1: 141.621 ns/op
# Warmup Iteration   2: 121.222 ns/op
# Warmup Iteration   3: 137.460 ns/op
Iteration   1: 124.508 ns/op
Iteration   2: 124.114 ns/op
Iteration   3: 127.079 ns/op
Iteration   4: 123.821 ns/op
Iteration   5: 122.199 ns/op

# Run progress: 66.67% complete, ETA 00:00:16
# Fork: 2 of 3
# Warmup Iteration   1: 150.091 ns/op
# Warmup Iteration   2: 122.327 ns/op
# Warmup Iteration   3: 119.337 ns/op
Iteration   1: 122.976 ns/op
Iteration   2: 119.173 ns/op
Iteration   3: 125.656 ns/op
Iteration   4: 119.959 ns/op
Iteration   5: 117.653 ns/op

# Run progress: 83.33% complete, ETA 00:00:08
# Fork: 3 of 3
# Warmup Iteration   1: 154.514 ns/op
# Warmup Iteration   2: 132.397 ns/op
# Warmup Iteration   3: 136.252 ns/op
Iteration   1: 129.571 ns/op
Iteration   2: 135.440 ns/op
Iteration   3: 147.991 ns/op
Iteration   4: 142.797 ns/op
Iteration   5: 131.550 ns/op


Result "harness.JavaBench.honest":
  127.632 ±(99.9%) 9.243 ns/op [Average]
  (min, avg, max) = (117.653, 127.632, 147.991), stdev = 8.646
  CI (99.9%): [118.389, 136.876] (assumes normal distribution)


# Run complete. Total time: 00:00:50

REMEMBER: The numbers below are just data. To gain reusable insights, you need to follow up on
why the numbers are the way they are. Use profilers (see -prof, -lprof), design factorial
experiments, perform baseline and negative tests that provide experimental control, make sure
the benchmarking environment is safe on JVM/OS/HW level, ask for reviews from the domain experts.
Do not assume the numbers tell you what you want them to tell.

NOTE: Current JVM experimentally supports Compiler Blackholes, and they are in use. Please exercise
extra caution when trusting the results, look into the generated code to check the benchmark still
works, and factor in a small probability of new VM bugs. Additionally, while comparisons between
different JVMs are already problematic, the performance difference caused by different Blackhole
modes can be very significant. Please make sure you use the consistent Blackhole mode for comparisons.

Benchmark                       Mode  Cnt    Score   Error  Units
JavaBench.dishonestNoTimestamp  avgt   15  211.979 ± 6.717  ns/op
JavaBench.honest                avgt   15  127.632 ± 9.243  ns/op

Benchmark result is saved to /out/java-tier1.json
