# JMH version: 1.37
# VM version: JDK 21.0.12.1, OpenJDK 64-Bit Server VM, 21.0.12.1+1-LTS
# VM invoker: /opt/java/openjdk/bin/java
# VM options: -Xint
# Blackhole mode: compiler (auto-detected, use -Djmh.blackhole.autoDetect=false to disable)
# Warmup: 3 iterations, 1 s each
# Measurement: 5 iterations, 1 s each
# Timeout: 10 min per iteration
# Threads: 1 thread, will synchronize iterations
# Benchmark mode: Average time, time/op
# Benchmark: harness.JavaBench.dishonestNoTimestamp

# Run progress: 0.00% complete, ETA 00:00:48
# Fork: 1 of 3
# Warmup Iteration   1: 3239.557 ns/op
# Warmup Iteration   2: 3244.693 ns/op
# Warmup Iteration   3: 3032.516 ns/op
Iteration   1: 3215.605 ns/op
Iteration   2: 3190.562 ns/op
Iteration   3: 3173.821 ns/op
Iteration   4: 3110.255 ns/op
Iteration   5: 3169.127 ns/op

# Run progress: 16.67% complete, ETA 00:00:42
# Fork: 2 of 3
# Warmup Iteration   1: 3523.492 ns/op
# Warmup Iteration   2: 3262.007 ns/op
# Warmup Iteration   3: 3448.701 ns/op
Iteration   1: 3369.043 ns/op
Iteration   2: 3263.632 ns/op
Iteration   3: 3073.045 ns/op
Iteration   4: 3071.293 ns/op
Iteration   5: 2976.666 ns/op

# Run progress: 33.33% complete, ETA 00:00:33
# Fork: 3 of 3
# Warmup Iteration   1: 3183.005 ns/op
# Warmup Iteration   2: 3197.893 ns/op
# Warmup Iteration   3: 3278.144 ns/op
Iteration   1: 3716.143 ns/op
Iteration   2: 3311.677 ns/op
Iteration   3: 3511.492 ns/op
Iteration   4: 3236.174 ns/op
Iteration   5: 3130.355 ns/op


Result "harness.JavaBench.dishonestNoTimestamp":
  3234.593 ±(99.9%) 199.865 ns/op [Average]
  (min, avg, max) = (2976.666, 3234.593, 3716.143), stdev = 186.953
  CI (99.9%): [3034.728, 3434.457] (assumes normal distribution)


# JMH version: 1.37
# VM version: JDK 21.0.12.1, OpenJDK 64-Bit Server VM, 21.0.12.1+1-LTS
# VM invoker: /opt/java/openjdk/bin/java
# VM options: -Xint
# Blackhole mode: compiler (auto-detected, use -Djmh.blackhole.autoDetect=false to disable)
# Warmup: 3 iterations, 1 s each
# Measurement: 5 iterations, 1 s each
# Timeout: 10 min per iteration
# Threads: 1 thread, will synchronize iterations
# Benchmark mode: Average time, time/op
# Benchmark: harness.JavaBench.honest

# Run progress: 50.00% complete, ETA 00:00:25
# Fork: 1 of 3
# Warmup Iteration   1: 2387.288 ns/op
# Warmup Iteration   2: 2438.627 ns/op
# Warmup Iteration   3: 2366.279 ns/op
Iteration   1: 2489.691 ns/op
Iteration   2: 2316.104 ns/op
Iteration   3: 2241.412 ns/op
Iteration   4: 2260.639 ns/op
Iteration   5: 2410.715 ns/op

# Run progress: 66.67% complete, ETA 00:00:16
# Fork: 2 of 3
# Warmup Iteration   1: 2610.936 ns/op
# Warmup Iteration   2: 2968.834 ns/op
# Warmup Iteration   3: 2776.792 ns/op
Iteration   1: 2487.042 ns/op
Iteration   2: 2433.193 ns/op
Iteration   3: 2560.663 ns/op
Iteration   4: 2830.567 ns/op
Iteration   5: 2493.343 ns/op

# Run progress: 83.33% complete, ETA 00:00:08
# Fork: 3 of 3
# Warmup Iteration   1: 2323.250 ns/op
# Warmup Iteration   2: 2494.612 ns/op
# Warmup Iteration   3: 2654.391 ns/op
Iteration   1: 2616.000 ns/op
Iteration   2: 2313.935 ns/op
Iteration   3: 2438.295 ns/op
Iteration   4: 2400.108 ns/op
Iteration   5: 2674.353 ns/op


Result "harness.JavaBench.honest":
  2464.404 ±(99.9%) 170.701 ns/op [Average]
  (min, avg, max) = (2241.412, 2464.404, 2830.567), stdev = 159.674
  CI (99.9%): [2293.703, 2635.105] (assumes normal distribution)


# Run complete. Total time: 00:00:50

REMEMBER: The numbers below are just data. To gain reusable insights, you need to follow up on
why the numbers are the way they are. Use profilers (see -prof, -lprof), design factorial
experiments, perform baseline and negative tests that provide experimental control, make sure
the benchmarking environment is safe on JVM/OS/HW level, ask for reviews from the domain experts.
Do not assume the numbers tell you what you want them to tell.

NOTE: Current JVM experimentally supports Compiler Blackholes, and they are in use. Please exercise
extra caution when trusting the results, look into the generated code to check the benchmark still
works, and factor in a small probability of new VM bugs. Additionally, while comparisons between
different JVMs are already problematic, the performance difference caused by different Blackhole
modes can be very significant. Please make sure you use the consistent Blackhole mode for comparisons.

Benchmark                       Mode  Cnt     Score     Error  Units
JavaBench.dishonestNoTimestamp  avgt   15  3234.593 ± 199.865  ns/op
JavaBench.honest                avgt   15  2464.404 ± 170.701  ns/op

Benchmark result is saved to /out/java-interpreter.json
